
> frontend@0.0.0 build
> tsc -b && vite build

src/api/adminApi.ts(2,10): error TS1484: 'Page' is a type and must be imported using a type-only import when 'verbatimModuleSyntax' is enabled.
src/api/adminApi.ts(2,16): error TS1484: 'PageParams' is a type and must be imported using a type-only import when 'verbatimModuleSyntax' is enabled.
src/api/adminApi.ts(2,16): error TS6133: 'PageParams' is declared but its value is never read.
src/api/adminApi.ts(3,10): error TS1484: 'Product' is a type and must be imported using a type-only import when 'verbatimModuleSyntax' is enabled.
src/api/adminApi.ts(4,10): error TS1484: 'Order' is a type and must be imported using a type-only import when 'verbatimModuleSyntax' is enabled.
src/api/authApi.ts(2,10): error TS1484: 'RegisterRequest' is a type and must be imported using a type-only import when 'verbatimModuleSyntax' is enabled.
src/api/authApi.ts(2,27): error TS1484: 'AuthTokens' is a type and must be imported using a type-only import when 'verbatimModuleSyntax' is enabled.
src/api/cartApi.ts(2,10): error TS1484: 'Cart' is a type and must be imported using a type-only import when 'verbatimModuleSyntax' is enabled.
src/api/cartApi.ts(2,16): error TS1484: 'CouponValidation' is a type and must be imported using a type-only import when 'verbatimModuleSyntax' is enabled.
src/api/orderApi.ts(2,10): error TS1484: 'Page' is a type and must be imported using a type-only import when 'verbatimModuleSyntax' is enabled.
src/api/orderApi.ts(2,16): error TS1484: 'PageParams' is a type and must be imported using a type-only import when 'verbatimModuleSyntax' is enabled.
src/api/orderApi.ts(3,10): error TS1484: 'Order' is a type and must be imported using a type-only import when 'verbatimModuleSyntax' is enabled.
src/api/orderApi.ts(3,17): error TS1484: 'CheckoutRequest' is a type and must be imported using a type-only import when 'verbatimModuleSyntax' is enabled.
src/api/orderApi.ts(3,34): error TS1484: 'OrderStatus' is a type and must be imported using a type-only import when 'verbatimModuleSyntax' is enabled.
src/api/productApi.ts(2,10): error TS1484: 'Page' is a type and must be imported using a type-only import when 'verbatimModuleSyntax' is enabled.
src/api/productApi.ts(2,16): error TS1484: 'PageParams' is a type and must be imported using a type-only import when 'verbatimModuleSyntax' is enabled.
src/api/productApi.ts(4,3): error TS1484: 'Product' is a type and must be imported using a type-only import when 'verbatimModuleSyntax' is enabled.
src/api/productApi.ts(5,3): error TS1484: 'ProductFilterParams' is a type and must be imported using a type-only import when 'verbatimModuleSyntax' is enabled.
src/api/productApi.ts(6,3): error TS1484: 'Category' is a type and must be imported using a type-only import when 'verbatimModuleSyntax' is enabled.
src/api/productApi.ts(7,3): error TS1484: 'Collection' is a type and must be imported using a type-only import when 'verbatimModuleSyntax' is enabled.
src/api/productApi.ts(8,3): error TS1484: 'ReviewSummary' is a type and must be imported using a type-only import when 'verbatimModuleSyntax' is enabled.
src/api/userApi.ts(2,10): error TS1484: 'User' is a type and must be imported using a type-only import when 'verbatimModuleSyntax' is enabled.
src/api/userApi.ts(2,16): error TS1484: 'Address' is a type and must be imported using a type-only import when 'verbatimModuleSyntax' is enabled.
src/components/common/Header/index.tsx(1,8): error TS6133: 'React' is declared but its value is never read.
src/components/common/Header/index.tsx(21,9): error TS6133: 'categories' is declared but its value is never read.
src/components/common/ProductCard/index.tsx(4,10): error TS1484: 'Product' is a type and must be imported using a type-only import when 'verbatimModuleSyntax' is enabled.
src/components/common/ProductSidebar/index.tsx(4,10): error TS1484: 'Category' is a type and must be imported using a type-only import when 'verbatimModuleSyntax' is enabled.
src/components/ui/EmptyState.tsx(1,10): error TS1484: 'LucideIcon' is a type and must be imported using a type-only import when 'verbatimModuleSyntax' is enabled.
src/components/ui/EmptyState.tsx(2,10): error TS1484: 'ReactNode' is a type and must be imported using a type-only import when 'verbatimModuleSyntax' is enabled.
src/components/ui/ImageUpload.tsx(2,35): error TS6133: 'ImageIcon' is declared but its value is never read.
src/components/ui/StarRating.tsx(2,16): error TS6133: 'StarHalf' is declared but its value is never read.
src/components/ui/StatusBadge.tsx(1,10): error TS1484: 'OrderStatus' is a type and must be imported using a type-only import when 'verbatimModuleSyntax' is enabled.
src/layouts/AdminLayout.tsx(1,10): error TS1484: 'ReactNode' is a type and must be imported using a type-only import when 'verbatimModuleSyntax' is enabled.
src/layouts/MainLayout.tsx(1,10): error TS1484: 'ReactNode' is a type and must be imported using a type-only import when 'verbatimModuleSyntax' is enabled.
src/pages/Admin/Dashboard.tsx(126,34): error TS2322: Type '(value: number) => string' is not assignable to type 'Formatter<ValueType, NameType> & ((value: ValueType, name: NameType, item: TooltipPayloadEntry, index: number, payload: TooltipPayload) => ReactNode | [...])'.
  Type '(value: number) => string' is not assignable to type 'Formatter<ValueType, NameType>'.
    Types of parameters 'value' and 'value' are incompatible.
      Type 'ValueType | undefined' is not assignable to type 'number'.
        Type 'undefined' is not assignable to type 'number'.
src/pages/Admin/Orders.tsx(5,18): error TS6133: 'Filter' is declared but its value is never read.
src/pages/Admin/Orders.tsx(7,10): error TS1484: 'OrderStatus' is a type and must be imported using a type-only import when 'verbatimModuleSyntax' is enabled.
src/pages/Admin/Orders.tsx(7,23): error TS1484: 'PaymentStatus' is a type and must be imported using a type-only import when 'verbatimModuleSyntax' is enabled.
src/pages/Admin/Orders.tsx(7,23): error TS6133: 'PaymentStatus' is declared but its value is never read.
src/pages/Admin/Orders.tsx(54,30): error TS2339: Property 'data' does not exist on type 'Page<Order>'.
src/pages/Admin/Orders.tsx(142,35): error TS2339: Property 'data' does not exist on type 'Page<Order>'.
src/pages/Admin/Orders.tsx(144,35): error TS2339: Property 'data' does not exist on type 'Page<Order>'.
src/pages/Admin/Products.tsx(5,24): error TS6133: 'Filter' is declared but its value is never read.
src/pages/Admin/Products.tsx(5,87): error TS6133: 'Box' is declared but its value is never read.
src/pages/Admin/Products.tsx(91,34): error TS2339: Property 'data' does not exist on type 'Page<Product>'.
src/pages/Admin/Products.tsx(154,30): error TS7006: Parameter 'product' implicitly has an 'any' type.
src/pages/Admin/Products.tsx(196,39): error TS2339: Property 'data' does not exist on type 'Page<Product>'.
src/pages/Admin/Products.tsx(198,37): error TS2339: Property 'data' does not exist on type 'Page<Product>'.
src/pages/Auth/Register.tsx(10,10): error TS1484: 'RegisterRequest' is a type and must be imported using a type-only import when 'verbatimModuleSyntax' is enabled.
src/pages/Cart/index.tsx(9,1): error TS6133: 'clsx' is declared but its value is never read.
src/pages/Cart/index.tsx(10,10): error TS1484: 'CartItem' is a type and must be imported using a type-only import when 'verbatimModuleSyntax' is enabled.
src/pages/Cart/index.tsx(29,15): error TS2339: Property 'data' does not exist on type 'Cart'.
src/pages/Cart/index.tsx(30,27): error TS2339: Property 'data' does not exist on type 'Cart'.
src/pages/Cart/index.tsx(49,15): error TS2339: Property 'data' does not exist on type 'Cart'.
src/pages/Cart/index.tsx(50,27): error TS2339: Property 'data' does not exist on type 'Cart'.
src/pages/Cart/index.tsx(135,15): error TS2339: Property 'data' does not exist on type 'CouponValidation'.
src/pages/Cart/index.tsx(136,47): error TS2339: Property 'data' does not exist on type 'CouponValidation'.
src/pages/Cart/index.tsx(136,84): error TS2339: Property 'data' does not exist on type 'CouponValidation'.
src/pages/Cart/index.tsx(157,26): error TS2339: Property 'data' does not exist on type 'Cart'.
src/pages/Cart/index.tsx(174,41): error TS7006: Parameter 'item' implicitly has an 'any' type.
src/pages/Cart/index.tsx(190,30): error TS7006: Parameter 'item' implicitly has an 'any' type.
src/pages/Checkout/index.tsx(2,36): error TS6133: 'Link' is declared but its value is never read.
src/pages/Checkout/index.tsx(4,1): error TS6133: 'useForm' is declared but its value is never read.
src/pages/Checkout/index.tsx(4,25): error TS2307: Cannot find module 'react-form-hooks' or its corresponding type declarations.
src/pages/Checkout/index.tsx(15,10): error TS1484: 'CheckoutRequest' is a type and must be imported using a type-only import when 'verbatimModuleSyntax' is enabled.
src/pages/Checkout/index.tsx(15,27): error TS1484: 'PaymentMethod' is a type and must be imported using a type-only import when 'verbatimModuleSyntax' is enabled.
src/pages/Checkout/index.tsx(15,42): error TS1484: 'ShippingAddress' is a type and must be imported using a type-only import when 'verbatimModuleSyntax' is enabled.
src/pages/Checkout/index.tsx(15,42): error TS6133: 'ShippingAddress' is declared but its value is never read.
src/pages/Checkout/index.tsx(16,10): error TS6133: 'Check' is declared but its value is never read.
src/pages/Checkout/index.tsx(16,37): error TS6133: 'MapPin' is declared but its value is never read.
src/pages/Checkout/index.tsx(47,25): error TS6133: 'setPaymentMethod' is declared but its value is never read.
src/pages/Checkout/index.tsx(64,24): error TS2339: Property 'data' does not exist on type 'Address[]'.
src/pages/Checkout/index.tsx(64,46): error TS2339: Property 'data' does not exist on type 'Address[]'.
src/pages/Checkout/index.tsx(65,41): error TS2339: Property 'data' does not exist on type 'Address[]'.
src/pages/Checkout/index.tsx(65,51): error TS7006: Parameter 'a' implicitly has an 'any' type.
src/pages/Checkout/index.tsx(66,73): error TS2339: Property 'data' does not exist on type 'Address[]'.
src/pages/Checkout/index.tsx(76,43): error TS2339: Property 'data' does not exist on type 'Order'.
src/pages/Checkout/index.tsx(88,32): error TS2339: Property 'data' does not exist on type 'Address'.
src/pages/Checkout/index.tsx(108,26): error TS2339: Property 'data' does not exist on type 'Cart'.
src/pages/Checkout/index.tsx(109,36): error TS2339: Property 'data' does not exist on type 'Address[]'.
src/pages/Checkout/index.tsx(130,29): error TS7006: Parameter 'item' implicitly has an 'any' type.
src/pages/Checkout/index.tsx(165,32): error TS7006: Parameter 'addr' implicitly has an 'any' type.
src/pages/Checkout/index.tsx(322,31): error TS7006: Parameter 'item' implicitly has an 'any' type.
src/pages/CustomerDashboard/Addresses.tsx(9,10): error TS1484: 'Address' is a type and must be imported using a type-only import when 'verbatimModuleSyntax' is enabled.
src/pages/CustomerDashboard/Addresses.tsx(96,36): error TS2339: Property 'data' does not exist on type 'Address[]'.
src/pages/CustomerDashboard/Addresses.tsx(120,26): error TS7006: Parameter 'addr' implicitly has an 'any' type.
src/pages/CustomerDashboard/OrderDetail.tsx(37,19): error TS2339: Property 'data' does not exist on type 'Order'.
src/pages/CustomerDashboard/OrderDetail.tsx(39,27): error TS2339: Property 'data' does not exist on type 'Order'.
src/pages/CustomerDashboard/OrderDetail.tsx(121,32): error TS7006: Parameter 'item' implicitly has an 'any' type.
src/pages/CustomerDashboard/OrderHistory.tsx(5,10): error TS1484: 'OrderStatus' is a type and must be imported using a type-only import when 'verbatimModuleSyntax' is enabled.
src/pages/CustomerDashboard/OrderHistory.tsx(5,23): error TS1484: 'Order' is a type and must be imported using a type-only import when 'verbatimModuleSyntax' is enabled.
src/pages/CustomerDashboard/OrderHistory.tsx(5,23): error TS6133: 'Order' is declared but its value is never read.
src/pages/CustomerDashboard/OrderHistory.tsx(5,30): error TS1484: 'OrderItem' is a type and must be imported using a type-only import when 'verbatimModuleSyntax' is enabled.
src/pages/CustomerDashboard/OrderHistory.tsx(86,27): error TS2339: Property 'data' does not exist on type 'Page<Order>'.
src/pages/CustomerDashboard/OrderHistory.tsx(93,28): error TS2339: Property 'data' does not exist on type 'Page<Order>'.
src/pages/CustomerDashboard/OrderHistory.tsx(93,45): error TS7006: Parameter 'order' implicitly has an 'any' type.
src/pages/CustomerDashboard/OrderHistory.tsx(107,38): error TS7006: Parameter 'item' implicitly has an 'any' type.
src/pages/CustomerDashboard/OrderHistory.tsx(156,41): error TS2339: Property 'data' does not exist on type 'Page<Order>'.
src/pages/CustomerDashboard/OrderHistory.tsx(158,41): error TS2339: Property 'data' does not exist on type 'Page<Order>'.
src/pages/CustomerDashboard/OrderHistory.tsx(219,18): error TS2322: Type 'string | null' is not assignable to type 'string | undefined'.
  Type 'null' is not assignable to type 'string | undefined'.
src/pages/CustomerDashboard/Overview.tsx(8,9): error TS6133: 'user' is declared but its value is never read.
src/pages/CustomerDashboard/Overview.tsx(15,36): error TS2339: Property 'data' does not exist on type 'Page<Order>'.
src/pages/CustomerDashboard/Overview.tsx(60,33): error TS7006: Parameter 'order' implicitly has an 'any' type.
src/pages/CustomerDashboard/Profile.tsx(7,1): error TS6133: 'clsx' is declared but its value is never read.
src/pages/CustomerDashboard/Profile.tsx(44,22): error TS2339: Property 'data' does not exist on type 'User'.
src/pages/CustomerDashboard/Reviews.tsx(13,32): error TS2339: Property 'data' does not exist on type 'any[]'.
src/pages/Home/index.tsx(1,8): error TS6133: 'React' is declared but its value is never read.
src/pages/Home/index.tsx(176,30): error TS6133: 'isLoading' is declared but its value is never read.
src/pages/ProductDetail/index.tsx(7,10): error TS1484: 'ProductVariant' is a type and must be imported using a type-only import when 'verbatimModuleSyntax' is enabled.
src/pages/ProductDetail/index.tsx(82,29): error TS2339: Property 'data' does not exist on type 'Cart'.
src/pages/ProductDetail/index.tsx(468,91): error TS2339: Property 'data' does not exist on type 'ReviewSummary'.
src/pages/ProductDetail/index.tsx(471,84): error TS2339: Property 'data' does not exist on type 'ReviewSummary'.
src/pages/ProductDetail/index.tsx(474,75): error TS2339: Property 'data' does not exist on type 'ReviewSummary'.
src/pages/ProductDetail/index.tsx(479,51): error TS2339: Property 'data' does not exist on type 'ReviewSummary'.
src/pages/ProductDetail/index.tsx(480,53): error TS2339: Property 'data' does not exist on type 'ReviewSummary'.
src/pages/ProductDetail/index.tsx(480,96): error TS2339: Property 'data' does not exist on type 'ReviewSummary'.
src/pages/ProductDetail/index.tsx(506,34): error TS2339: Property 'data' does not exist on type 'ReviewSummary'.
src/pages/ProductDetail/index.tsx(512,38): error TS2339: Property 'data' does not exist on type 'ReviewSummary'.
src/pages/ProductDetail/index.tsx(512,63): error TS7006: Parameter 'review' implicitly has an 'any' type.
src/pages/ProductDetail/index.tsx(547,34): error TS2339: Property 'data' does not exist on type 'ReviewSummary'.
src/pages/ProductDetail/index.tsx(549,48): error TS2339: Property 'data' does not exist on type 'ReviewSummary'.
src/pages/ProductDetail/index.tsx(572,43): error TS2339: Property 'data' does not exist on type 'Product[]'.
src/pages/ProductDetail/index.tsx(572,67): error TS2339: Property 'data' does not exist on type 'Product[]'.
src/pages/ProductDetail/index.tsx(576,30): error TS2339: Property 'data' does not exist on type 'Product[]'.
src/pages/ProductDetail/index.tsx(576,39): error TS7006: Parameter 'product' implicitly has an 'any' type.
src/pages/ProductList/index.tsx(6,10): error TS1484: 'ProductFilterParams' is a type and must be imported using a type-only import when 'verbatimModuleSyntax' is enabled.
src/pages/ProductList/index.tsx(6,31): error TS1484: 'Category' is a type and must be imported using a type-only import when 'verbatimModuleSyntax' is enabled.
src/store/authStore.ts(3,10): error TS1484: 'User' is a type and must be imported using a type-only import when 'verbatimModuleSyntax' is enabled.
src/store/authStore.ts(3,16): error TS1484: 'AuthTokens' is a type and must be imported using a type-only import when 'verbatimModuleSyntax' is enabled.
src/types/cart.types.ts(1,10): error TS1484: 'ProductVariant' is a type and must be imported using a type-only import when 'verbatimModuleSyntax' is enabled.
src/types/order.types.ts(1,10): error TS1484: 'ProductVariant' is a type and must be imported using a type-only import when 'verbatimModuleSyntax' is enabled.
src/types/product.types.ts(1,10): error TS1484: 'Page' is a type and must be imported using a type-only import when 'verbatimModuleSyntax' is enabled.
src/types/product.types.ts(1,16): error TS1484: 'PageParams' is a type and must be imported using a type-only import when 'verbatimModuleSyntax' is enabled.
src/utils/formatters.ts(2,10): error TS1484: 'OrderStatus' is a type and must be imported using a type-only import when 'verbatimModuleSyntax' is enabled.
